2026-05-09 12:41:57.061 INFO  grpc.demo.DiplomApplication - Starting DiplomApplication using Java 21.0.8 with PID 25336 (D:\5 КУРС\diplomm\target\classes started by k2528 in D:\5 КУРС\diplomm)
2026-05-09 12:41:57.067 INFO  grpc.demo.DiplomApplication - No active profile set, falling back to 1 default profile: "default"
2026-05-09 12:41:59.028 INFO  o.a.coyote.http11.Http11NioProtocol - Initializing ProtocolHandler ["http-nio-8080"]
2026-05-09 12:41:59.030 INFO  o.a.catalina.core.StandardService - Starting service [Tomcat]
2026-05-09 12:41:59.030 INFO  o.a.catalina.core.StandardEngine - Starting Servlet engine: [Apache Tomcat/10.1.16]
2026-05-09 12:41:59.079 INFO  o.a.c.c.C.[Tomcat].[localhost].[/] - Initializing Spring embedded WebApplicationContext
2026-05-09 12:41:59.830 INFO  com.zaxxer.hikari.HikariDataSource - HikariPool-1 - Starting...
2026-05-09 12:42:00.013 INFO  com.zaxxer.hikari.pool.HikariPool - HikariPool-1 - Added connection conn0: url=jdbc:h2:mem:wishlistdb user=SA
2026-05-09 12:42:00.015 INFO  com.zaxxer.hikari.HikariDataSource - HikariPool-1 - Start completed.
2026-05-09 12:42:00.047 WARN  org.hibernate.orm.deprecation - HHH90000025: H2Dialect does not need to be specified explicitly using 'hibernate.dialect' (remove the property setting and it will be selected by default)
2026-05-09 12:42:02.244 WARN  o.s.b.a.s.s.UserDetailsServiceAutoConfiguration - 

Using generated security password: cdc9602c-bfed-49a9-b9f2-fa0c98607a23

This generated password is for development use only. Your security configuration must be updated before running your application in production.

2026-05-09 12:42:02.903 INFO  o.s.s.web.DefaultSecurityFilterChain - Will secure any request with [org.springframework.security.web.session.DisableEncodeUrlFilter@c8e3515, org.springframework.security.web.context.request.async.WebAsyncManagerIntegrationFilter@1d6b45c3, org.springframework.security.web.context.SecurityContextHolderFilter@65c179c2, org.springframework.security.web.header.HeaderWriterFilter@70278748, org.springframework.web.filter.CorsFilter@4d5d58e8, org.springframework.security.web.authentication.logout.LogoutFilter@2f8f057, org.springframework.security.web.savedrequest.RequestCacheAwareFilter@3330d08, org.springframework.security.web.servletapi.SecurityContextHolderAwareRequestFilter@5fcfc138, org.springframework.security.web.authentication.AnonymousAuthenticationFilter@15faf383, org.springframework.security.web.access.ExceptionTranslationFilter@2d1d676e, org.springframework.security.web.access.intercept.AuthorizationFilter@635a1b7]
2026-05-09 12:42:03.614 INFO  o.a.coyote.http11.Http11NioProtocol - Starting ProtocolHandler ["http-nio-8080"]
2026-05-09 12:42:03.696 INFO  o.a.coyote.http11.Http11NioProtocol - Initializing ProtocolHandler ["http-nio-8081"]
2026-05-09 12:42:03.696 INFO  o.a.catalina.core.StandardService - Starting service [Tomcat]
2026-05-09 12:42:03.696 INFO  o.a.catalina.core.StandardEngine - Starting Servlet engine: [Apache Tomcat/10.1.16]
2026-05-09 12:42:03.713 INFO  o.a.c.c.C.[Tomcat-1].[localhost].[/] - Initializing Spring embedded WebApplicationContext
2026-05-09 12:42:03.755 INFO  o.a.coyote.http11.Http11NioProtocol - Starting ProtocolHandler ["http-nio-8081"]
2026-05-09 12:42:03.765 INFO  grpc.demo.DiplomApplication - Started DiplomApplication in 7.512 seconds (process running for 8.397)
2026-05-09 12:42:07.073 INFO  o.a.c.c.C.[Tomcat-1].[localhost].[/] - Initializing Spring DispatcherServlet 'dispatcherServletRegistration'
2026-05-09 12:42:07.093 WARN  o.s.w.s.h.HandlerMappingIntrospector - Cache miss for REQUEST dispatch to '/actuator/prometheus' (previous null). Performing CorsConfiguration lookup. This is logged once only at WARN level, and every time at TRACE.
2026-05-09 12:42:19.541 INFO  o.a.c.c.C.[Tomcat].[localhost].[/] - Initializing Spring DispatcherServlet 'dispatcherServlet'
2026-05-09 12:42:31.995 INFO  grpc.demo.service.UserService - Начало регистрации пользователя: **@gmail.com
2026-05-09 12:42:32.196 INFO  grpc.demo.service.UserService - Пользователь успешно зарегистрирован: userId=6, publicId=7d086b04
2026-05-09 12:42:34.166 INFO  grpc.demo.service.UserService - Попытка аутентификации пользователя: **@gmail.com
2026-05-09 12:42:34.276 INFO  grpc.demo.service.UserService - Пользователь успешно аутентифицирован: userId=6
2026-05-09 12:43:47.030 WARN  o.s.b.f.s.DisposableBeanAdapter - Invocation of destroy method failed on bean with name 'inMemoryDatabaseShutdownExecutor': org.h2.jdbc.JdbcSQLNonTransientConnectionException: База данных уже закрыта (чтобы отключить автоматическое закрытие базы данных при останове JVM, добавьте ";DB_CLOSE_ON_EXIT=FALSE" в URL)
Database is already closed (to disable automatic closing at VM shutdown, add ";DB_CLOSE_ON_EXIT=FALSE" to the db URL) [90121-224]
2026-05-09 12:43:47.030 INFO  com.zaxxer.hikari.HikariDataSource - HikariPool-1 - Shutdown initiated...
2026-05-09 12:43:47.033 INFO  com.zaxxer.hikari.HikariDataSource - HikariPool-1 - Shutdown completed.
2026-05-09 12:44:13.336 INFO  grpc.demo.DiplomApplication - Starting DiplomApplication using Java 21.0.8 with PID 24700 (D:\5 КУРС\diplomm\target\classes started by k2528 in D:\5 КУРС\diplomm)
2026-05-09 12:44:13.341 INFO  grpc.demo.DiplomApplication - No active profile set, falling back to 1 default profile: "default"
2026-05-09 12:44:15.215 INFO  o.a.coyote.http11.Http11NioProtocol - Initializing ProtocolHandler ["http-nio-8080"]
2026-05-09 12:44:15.218 INFO  o.a.catalina.core.StandardService - Starting service [Tomcat]
2026-05-09 12:44:15.218 INFO  o.a.catalina.core.StandardEngine - Starting Servlet engine: [Apache Tomcat/10.1.16]
2026-05-09 12:44:15.269 INFO  o.a.c.c.C.[Tomcat].[localhost].[/] - Initializing Spring embedded WebApplicationContext
2026-05-09 12:44:15.914 INFO  com.zaxxer.hikari.HikariDataSource - HikariPool-1 - Starting...
2026-05-09 12:44:16.079 INFO  com.zaxxer.hikari.pool.HikariPool - HikariPool-1 - Added connection conn0: url=jdbc:h2:mem:wishlistdb user=SA
2026-05-09 12:44:16.081 INFO  com.zaxxer.hikari.HikariDataSource - HikariPool-1 - Start completed.
2026-05-09 12:44:16.102 WARN  org.hibernate.orm.deprecation - HHH90000025: H2Dialect does not need to be specified explicitly using 'hibernate.dialect' (remove the property setting and it will be selected by default)
2026-05-09 12:44:18.247 WARN  o.s.b.a.s.s.UserDetailsServiceAutoConfiguration - 

Using generated security password: 39a9185d-f247-4064-aa74-32ca07f372dd

This generated password is for development use only. Your security configuration must be updated before running your application in production.

2026-05-09 12:44:18.902 INFO  o.s.s.web.DefaultSecurityFilterChain - Will secure any request with [org.springframework.security.web.session.DisableEncodeUrlFilter@c861dc4, org.springframework.security.web.context.request.async.WebAsyncManagerIntegrationFilter@44af99a1, org.springframework.security.web.context.SecurityContextHolderFilter@29138392, org.springframework.security.web.header.HeaderWriterFilter@6ec5958a, org.springframework.web.filter.CorsFilter@2aef8876, org.springframework.security.web.authentication.logout.LogoutFilter@54c8cbc1, org.springframework.security.web.savedrequest.RequestCacheAwareFilter@64867d69, org.springframework.security.web.servletapi.SecurityContextHolderAwareRequestFilter@3bc00696, org.springframework.security.web.authentication.AnonymousAuthenticationFilter@5c2bd0b4, org.springframework.security.web.access.ExceptionTranslationFilter@57411dbb, org.springframework.security.web.access.intercept.AuthorizationFilter@4a49b2fe]
2026-05-09 12:44:19.540 INFO  o.a.coyote.http11.Http11NioProtocol - Starting ProtocolHandler ["http-nio-8080"]
2026-05-09 12:44:19.624 INFO  o.a.coyote.http11.Http11NioProtocol - Initializing ProtocolHandler ["http-nio-8081"]
2026-05-09 12:44:19.624 INFO  o.a.catalina.core.StandardService - Starting service [Tomcat]
2026-05-09 12:44:19.624 INFO  o.a.catalina.core.StandardEngine - Starting Servlet engine: [Apache Tomcat/10.1.16]
2026-05-09 12:44:19.829 INFO  o.a.c.c.C.[Tomcat-1].[localhost].[/] - Initializing Spring embedded WebApplicationContext
2026-05-09 12:44:19.872 INFO  o.a.coyote.http11.Http11NioProtocol - Starting ProtocolHandler ["http-nio-8081"]
2026-05-09 12:44:19.897 INFO  grpc.demo.DiplomApplication - Started DiplomApplication in 7.289 seconds (process running for 8.24)
2026-05-09 12:44:22.642 INFO  o.a.c.c.C.[Tomcat].[localhost].[/] - Initializing Spring DispatcherServlet 'dispatcherServlet'
2026-05-09 12:44:22.667 WARN  o.s.w.s.h.HandlerMappingIntrospector - Cache miss for REQUEST dispatch to '/wishlist' (previous null). Performing CorsConfiguration lookup. This is logged once only at WARN level, and every time at TRACE.
2026-05-09 12:44:24.734 INFO  o.a.c.c.C.[Tomcat-1].[localhost].[/] - Initializing Spring DispatcherServlet 'dispatcherServletRegistration'
2026-05-09 12:44:32.977 INFO  grpc.demo.service.UserService - Начало регистрации пользователя: **@gmail.com
2026-05-09 12:44:33.135 INFO  grpc.demo.service.UserService - Пользователь успешно зарегистрирован: userId=6, publicId=a67f3d84
2026-05-09 12:44:35.288 INFO  grpc.demo.service.UserService - Попытка аутентификации пользователя: **@gmail.com
2026-05-09 12:44:35.403 INFO  grpc.demo.service.UserService - Пользователь успешно аутентифицирован: userId=6
2026-05-09 12:51:20.083 WARN  o.s.b.f.s.DisposableBeanAdapter - Invocation of destroy method failed on bean with name 'inMemoryDatabaseShutdownExecutor': org.h2.jdbc.JdbcSQLNonTransientConnectionException: База данных уже закрыта (чтобы отключить автоматическое закрытие базы данных при останове JVM, добавьте ";DB_CLOSE_ON_EXIT=FALSE" в URL)
Database is already closed (to disable automatic closing at VM shutdown, add ";DB_CLOSE_ON_EXIT=FALSE" to the db URL) [90121-224]
2026-05-09 12:51:20.084 INFO  com.zaxxer.hikari.HikariDataSource - HikariPool-1 - Shutdown initiated...
2026-05-09 12:51:20.086 INFO  com.zaxxer.hikari.HikariDataSource - HikariPool-1 - Shutdown completed.
2026-05-09 12:51:31.570 INFO  grpc.demo.DiplomApplication - Starting DiplomApplication using Java 21.0.8 with PID 22588 (D:\5 КУРС\diplomm\target\classes started by k2528 in D:\5 КУРС\diplomm)
2026-05-09 12:51:31.577 INFO  grpc.demo.DiplomApplication - No active profile set, falling back to 1 default profile: "default"
2026-05-09 12:51:33.097 INFO  o.a.coyote.http11.Http11NioProtocol - Initializing ProtocolHandler ["http-nio-8080"]
2026-05-09 12:51:33.098 INFO  o.a.catalina.core.StandardService - Starting service [Tomcat]
2026-05-09 12:51:33.098 INFO  o.a.catalina.core.StandardEngine - Starting Servlet engine: [Apache Tomcat/10.1.16]
2026-05-09 12:51:33.135 INFO  o.a.c.c.C.[Tomcat].[localhost].[/] - Initializing Spring embedded WebApplicationContext
2026-05-09 12:51:33.716 INFO  com.zaxxer.hikari.HikariDataSource - HikariPool-1 - Starting...
2026-05-09 12:51:33.855 INFO  com.zaxxer.hikari.pool.HikariPool - HikariPool-1 - Added connection conn0: url=jdbc:h2:mem:wishlistdb user=SA
2026-05-09 12:51:33.856 INFO  com.zaxxer.hikari.HikariDataSource - HikariPool-1 - Start completed.
2026-05-09 12:51:33.877 WARN  org.hibernate.orm.deprecation - HHH90000025: H2Dialect does not need to be specified explicitly using 'hibernate.dialect' (remove the property setting and it will be selected by default)
2026-05-09 12:51:35.710 WARN  o.s.b.a.s.s.UserDetailsServiceAutoConfiguration - 

Using generated security password: f18a8d4d-c940-4c6a-9428-a392e8db9251

This generated password is for development use only. Your security configuration must be updated before running your application in production.

2026-05-09 12:51:36.281 INFO  o.s.s.web.DefaultSecurityFilterChain - Will secure any request with [org.springframework.security.web.session.DisableEncodeUrlFilter@669e9f5c, org.springframework.security.web.context.request.async.WebAsyncManagerIntegrationFilter@207ecb2d, org.springframework.security.web.context.SecurityContextHolderFilter@62817172, org.springframework.security.web.header.HeaderWriterFilter@a4cc669, org.springframework.web.filter.CorsFilter@85a0781, org.springframework.security.web.authentication.logout.LogoutFilter@33b9e81, org.springframework.security.web.savedrequest.RequestCacheAwareFilter@84d8acd, org.springframework.security.web.servletapi.SecurityContextHolderAwareRequestFilter@21f29570, org.springframework.security.web.authentication.AnonymousAuthenticationFilter@12156880, org.springframework.security.web.access.ExceptionTranslationFilter@5a14f411, org.springframework.security.web.access.intercept.AuthorizationFilter@70297c21]
2026-05-09 12:51:37.054 INFO  grpc.demo.DiplomApplication - Started DiplomApplication in 6.051 seconds (process running for 6.629)
2026-05-09 12:51:37.075 WARN  o.s.b.f.s.DisposableBeanAdapter - Invocation of destroy method failed on bean with name 'inMemoryDatabaseShutdownExecutor': org.h2.jdbc.JdbcSQLNonTransientConnectionException: База данных уже закрыта (чтобы отключить автоматическое закрытие базы данных при останове JVM, добавьте ";DB_CLOSE_ON_EXIT=FALSE" в URL)
Database is already closed (to disable automatic closing at VM shutdown, add ";DB_CLOSE_ON_EXIT=FALSE" to the db URL) [90121-224]
2026-05-09 12:51:37.076 INFO  com.zaxxer.hikari.HikariDataSource - HikariPool-1 - Shutdown initiated...
2026-05-09 12:51:37.077 INFO  com.zaxxer.hikari.HikariDataSource - HikariPool-1 - Shutdown completed.
2026-05-09 12:51:37.077 ERROR o.s.t.i.TransactionInterceptor - Application exception overridden by rollback exception
java.lang.IllegalStateException: Session/EntityManager is closed
	at org.hibernate.internal.AbstractSharedSessionContract.checkOpen(AbstractSharedSessionContract.java:441)
	at org.hibernate.engine.spi.SharedSessionContractImplementor.checkOpen(SharedSessionContractImplementor.java:186)
	at org.hibernate.internal.AbstractSharedSessionContract.prepareForQueryExecution(AbstractSharedSessionContract.java:447)
	at org.hibernate.query.spi.AbstractSelectionQuery.beforeQuery(AbstractSelectionQuery.java:460)
	at org.hibernate.query.spi.AbstractSelectionQuery.beforeQueryHandlingFetchProfiles(AbstractSelectionQuery.java:446)
	at org.hibernate.query.spi.AbstractSelectionQuery.list(AbstractSelectionQuery.java:424)
	at org.hibernate.query.spi.AbstractSelectionQuery.getSingleResult(AbstractSelectionQuery.java:559)
	at org.springframework.data.jpa.repository.support.SimpleJpaRepository.count(SimpleJpaRepository.java:603)
	at java.base/jdk.internal.reflect.DirectMethodHandleAccessor.invoke(DirectMethodHandleAccessor.java:103)
	at java.base/java.lang.reflect.Method.invoke(Method.java:580)
	at org.springframework.aop.support.AopUtils.invokeJoinpointUsingReflection(AopUtils.java:352)
	at org.springframework.data.repository.core.support.RepositoryMethodInvoker$RepositoryFragmentMethodInvoker.lambda$new$0(RepositoryMethodInvoker.java:277)
	at org.springframework.data.repository.core.support.RepositoryMethodInvoker.doInvoke(RepositoryMethodInvoker.java:170)
	at org.springframework.data.repository.core.support.RepositoryMethodInvoker.invoke(RepositoryMethodInvoker.java:158)
	at org.springframework.data.repository.core.support.RepositoryComposition$RepositoryFragments.invoke(RepositoryComposition.java:516)
	at org.springframework.data.repository.core.support.RepositoryComposition.invoke(RepositoryComposition.java:285)
	at org.springframework.data.repository.core.support.RepositoryFactorySupport$ImplementationMethodExecutionInterceptor.invoke(RepositoryFactorySupport.java:628)
	at org.springframework.aop.framework.ReflectiveMethodInvocation.proceed(ReflectiveMethodInvocation.java:184)
	at org.springframework.data.repository.core.support.QueryExecutorMethodInterceptor.doInvoke(QueryExecutorMethodInterceptor.java:168)
	at org.springframework.data.repository.core.support.QueryExecutorMethodInterceptor.invoke(QueryExecutorMethodInterceptor.java:143)
	at org.springframework.aop.framework.ReflectiveMethodInvocation.proceed(ReflectiveMethodInvocation.java:184)
	at org.springframework.data.projection.DefaultMethodInvokingMethodInterceptor.invoke(DefaultMethodInvokingMethodInterceptor.java:70)
	at org.springframework.aop.framework.ReflectiveMethodInvocation.proceed(ReflectiveMethodInvocation.java:184)
	at org.springframework.transaction.interceptor.TransactionInterceptor$1.proceedWithInvocation(TransactionInterceptor.java:123)
	at org.springframework.transaction.interceptor.TransactionAspectSupport.invokeWithinTransaction(TransactionAspectSupport.java:385)
	at org.springframework.transaction.interceptor.TransactionInterceptor.invoke(TransactionInterceptor.java:119)
	at org.springframework.aop.framework.ReflectiveMethodInvocation.proceed(ReflectiveMethodInvocation.java:184)
	at org.springframework.dao.support.PersistenceExceptionTranslationInterceptor.invoke(PersistenceExceptionTranslationInterceptor.java:137)
	at org.springframework.aop.framework.ReflectiveMethodInvocation.proceed(ReflectiveMethodInvocation.java:184)
	at org.springframework.data.jpa.repository.support.CrudMethodMetadataPostProcessor$CrudMethodMetadataPopulatingMethodInterceptor.invoke(CrudMethodMetadataPostProcessor.java:164)
	at org.springframework.aop.framework.ReflectiveMethodInvocation.proceed(ReflectiveMethodInvocation.java:184)
	at org.springframework.aop.interceptor.ExposeInvocationInterceptor.invoke(ExposeInvocationInterceptor.java:97)
	at org.springframework.aop.framework.ReflectiveMethodInvocation.proceed(ReflectiveMethodInvocation.java:184)
	at org.springframework.aop.framework.JdkDynamicAopProxy.invoke(JdkDynamicAopProxy.java:249)
	at jdk.proxy4/jdk.proxy4.$Proxy137.count(Unknown Source)
	at grpc.demo.config.DataInitializer.lambda$initData$0(DataInitializer.java:20)
	at org.springframework.boot.SpringApplication.callRunner(SpringApplication.java:786)
	at org.springframework.boot.SpringApplication.lambda$callRunners$3(SpringApplication.java:770)
	at java.base/java.util.stream.ForEachOps$ForEachOp$OfRef.accept(ForEachOps.java:184)
	at java.base/java.util.stream.SortedOps$SizedRefSortingSink.end(SortedOps.java:357)
	at java.base/java.util.stream.AbstractPipeline.copyInto(AbstractPipeline.java:510)
	at java.base/java.util.stream.AbstractPipeline.wrapAndCopyInto(AbstractPipeline.java:499)
	at java.base/java.util.stream.ForEachOps$ForEachOp.evaluateSequential(ForEachOps.java:151)
	at java.base/java.util.stream.ForEachOps$ForEachOp$OfRef.evaluateSequential(ForEachOps.java:174)
	at java.base/java.util.stream.AbstractPipeline.evaluate(AbstractPipeline.java:234)
	at java.base/java.util.stream.ReferencePipeline.forEach(ReferencePipeline.java:596)
	at org.springframework.boot.SpringApplication.callRunners(SpringApplication.java:765)
	at org.springframework.boot.SpringApplication.run(SpringApplication.java:330)
	at org.springframework.boot.SpringApplication.run(SpringApplication.java:1342)
	at org.springframework.boot.SpringApplication.run(SpringApplication.java:1331)
	at grpc.demo.DiplomApplication.main(DiplomApplication.java:9)
	at java.base/jdk.internal.reflect.DirectMethodHandleAccessor.invoke(DirectMethodHandleAccessor.java:103)
	at java.base/java.lang.reflect.Method.invoke(Method.java:580)
	at org.springframework.boot.devtools.restart.RestartLauncher.run(RestartLauncher.java:50)
2026-05-09 12:51:43.293 INFO  grpc.demo.DiplomApplication - Starting DiplomApplication using Java 21.0.8 with PID 21580 (D:\5 КУРС\diplomm\target\classes started by k2528 in D:\5 КУРС\diplomm)
2026-05-09 12:51:43.297 INFO  grpc.demo.DiplomApplication - No active profile set, falling back to 1 default profile: "default"
2026-05-09 12:51:44.827 INFO  o.a.coyote.http11.Http11NioProtocol - Initializing ProtocolHandler ["http-nio-8080"]
2026-05-09 12:51:44.829 INFO  o.a.catalina.core.StandardService - Starting service [Tomcat]
2026-05-09 12:51:44.829 INFO  o.a.catalina.core.StandardEngine - Starting Servlet engine: [Apache Tomcat/10.1.16]
2026-05-09 12:51:44.867 INFO  o.a.c.c.C.[Tomcat].[localhost].[/] - Initializing Spring embedded WebApplicationContext
2026-05-09 12:51:45.472 INFO  com.zaxxer.hikari.HikariDataSource - HikariPool-1 - Starting...
2026-05-09 12:51:45.608 INFO  com.zaxxer.hikari.pool.HikariPool - HikariPool-1 - Added connection conn0: url=jdbc:h2:mem:wishlistdb user=SA
2026-05-09 12:51:45.610 INFO  com.zaxxer.hikari.HikariDataSource - HikariPool-1 - Start completed.
2026-05-09 12:51:45.629 WARN  org.hibernate.orm.deprecation - HHH90000025: H2Dialect does not need to be specified explicitly using 'hibernate.dialect' (remove the property setting and it will be selected by default)
2026-05-09 12:51:47.418 WARN  o.s.b.a.s.s.UserDetailsServiceAutoConfiguration - 

Using generated security password: e79e47e5-8c69-47b6-8609-93c9e6d8d63d

This generated password is for development use only. Your security configuration must be updated before running your application in production.

2026-05-09 12:51:47.968 INFO  o.s.s.web.DefaultSecurityFilterChain - Will secure any request with [org.springframework.security.web.session.DisableEncodeUrlFilter@41ef0015, org.springframework.security.web.context.request.async.WebAsyncManagerIntegrationFilter@2f1e8088, org.springframework.security.web.context.SecurityContextHolderFilter@5d90a17, org.springframework.security.web.header.HeaderWriterFilter@4790dde0, org.springframework.web.filter.CorsFilter@4a49b2fe, org.springframework.security.web.authentication.logout.LogoutFilter@55b56709, org.springframework.security.web.savedrequest.RequestCacheAwareFilter@6ec5958a, org.springframework.security.web.servletapi.SecurityContextHolderAwareRequestFilter@3cb074fe, org.springframework.security.web.authentication.AnonymousAuthenticationFilter@436a7ce6, org.springframework.security.web.access.ExceptionTranslationFilter@2da329fe, org.springframework.security.web.access.intercept.AuthorizationFilter@68a15ab4]
2026-05-09 12:51:48.607 INFO  o.a.coyote.http11.Http11NioProtocol - Starting ProtocolHandler ["http-nio-8080"]
2026-05-09 12:51:48.676 INFO  o.a.coyote.http11.Http11NioProtocol - Initializing ProtocolHandler ["http-nio-8081"]
2026-05-09 12:51:48.677 INFO  o.a.catalina.core.StandardService - Starting service [Tomcat]
2026-05-09 12:51:48.677 INFO  o.a.catalina.core.StandardEngine - Starting Servlet engine: [Apache Tomcat/10.1.16]
2026-05-09 12:51:48.694 INFO  o.a.c.c.C.[Tomcat-1].[localhost].[/] - Initializing Spring embedded WebApplicationContext
2026-05-09 12:51:48.732 INFO  o.a.coyote.http11.Http11NioProtocol - Starting ProtocolHandler ["http-nio-8081"]
2026-05-09 12:51:48.742 INFO  grpc.demo.DiplomApplication - Started DiplomApplication in 6.025 seconds (process running for 6.634)
2026-05-09 12:51:54.781 INFO  o.a.c.c.C.[Tomcat-1].[localhost].[/] - Initializing Spring DispatcherServlet 'dispatcherServletRegistration'
2026-05-09 12:51:54.801 WARN  o.s.w.s.h.HandlerMappingIntrospector - Cache miss for REQUEST dispatch to '/actuator/prometheus' (previous null). Performing CorsConfiguration lookup. This is logged once only at WARN level, and every time at TRACE.
2026-05-09 12:51:55.585 INFO  o.a.c.c.C.[Tomcat].[localhost].[/] - Initializing Spring DispatcherServlet 'dispatcherServlet'
2026-05-09 12:52:19.241 INFO  grpc.demo.service.UserService - Начало регистрации пользователя: **@gmail.com
2026-05-09 12:52:19.392 INFO  grpc.demo.service.UserService - Пользователь успешно зарегистрирован: userId=6, publicId=a9724fef
2026-05-09 12:52:22.219 INFO  grpc.demo.service.UserService - Попытка аутентификации пользователя: **@gmail.com
2026-05-09 12:52:22.323 INFO  grpc.demo.service.UserService - Пользователь успешно аутентифицирован: userId=6
2026-05-09 12:54:27.691 WARN  o.s.b.f.s.DisposableBeanAdapter - Invocation of destroy method failed on bean with name 'inMemoryDatabaseShutdownExecutor': org.h2.jdbc.JdbcSQLNonTransientConnectionException: База данных уже закрыта (чтобы отключить автоматическое закрытие базы данных при останове JVM, добавьте ";DB_CLOSE_ON_EXIT=FALSE" в URL)
Database is already closed (to disable automatic closing at VM shutdown, add ";DB_CLOSE_ON_EXIT=FALSE" to the db URL) [90121-224]
2026-05-09 12:54:27.692 INFO  com.zaxxer.hikari.HikariDataSource - HikariPool-1 - Shutdown initiated...
2026-05-09 12:54:27.693 INFO  com.zaxxer.hikari.HikariDataSource - HikariPool-1 - Shutdown completed.
2026-05-09 12:54:32.589 INFO  grpc.demo.DiplomApplication - Starting DiplomApplication using Java 21.0.8 with PID 28320 (D:\5 КУРС\diplomm\target\classes started by k2528 in D:\5 КУРС\diplomm)
2026-05-09 12:54:32.594 INFO  grpc.demo.DiplomApplication - No active profile set, falling back to 1 default profile: "default"
2026-05-09 12:54:34.393 INFO  o.a.coyote.http11.Http11NioProtocol - Initializing ProtocolHandler ["http-nio-8080"]
2026-05-09 12:54:34.395 INFO  o.a.catalina.core.StandardService - Starting service [Tomcat]
2026-05-09 12:54:34.395 INFO  o.a.catalina.core.StandardEngine - Starting Servlet engine: [Apache Tomcat/10.1.16]
2026-05-09 12:54:34.438 INFO  o.a.c.c.C.[Tomcat].[localhost].[/] - Initializing Spring embedded WebApplicationContext
2026-05-09 12:54:35.024 INFO  com.zaxxer.hikari.HikariDataSource - HikariPool-1 - Starting...
2026-05-09 12:54:35.191 INFO  com.zaxxer.hikari.pool.HikariPool - HikariPool-1 - Added connection conn0: url=jdbc:h2:mem:wishlistdb user=SA
2026-05-09 12:54:35.193 INFO  com.zaxxer.hikari.HikariDataSource - HikariPool-1 - Start completed.
2026-05-09 12:54:35.215 WARN  org.hibernate.orm.deprecation - HHH90000025: H2Dialect does not need to be specified explicitly using 'hibernate.dialect' (remove the property setting and it will be selected by default)
2026-05-09 12:54:37.240 WARN  o.s.b.a.s.s.UserDetailsServiceAutoConfiguration - 

Using generated security password: b3e798e9-e065-438c-8ea3-ef70c910c3d5

This generated password is for development use only. Your security configuration must be updated before running your application in production.

2026-05-09 12:54:37.869 INFO  o.s.s.web.DefaultSecurityFilterChain - Will secure any request with [org.springframework.security.web.session.DisableEncodeUrlFilter@63e2f7c6, org.springframework.security.web.context.request.async.WebAsyncManagerIntegrationFilter@7be2afb7, org.springframework.security.web.context.SecurityContextHolderFilter@5f37eb2, org.springframework.security.web.header.HeaderWriterFilter@26e791c6, org.springframework.web.filter.CorsFilter@359a0510, org.springframework.security.web.authentication.logout.LogoutFilter@21f29570, org.springframework.security.web.savedrequest.RequestCacheAwareFilter@2010ff58, org.springframework.security.web.servletapi.SecurityContextHolderAwareRequestFilter@599312bd, org.springframework.security.web.authentication.AnonymousAuthenticationFilter@35c79dac, org.springframework.security.web.access.ExceptionTranslationFilter@34f7f3dc, org.springframework.security.web.access.intercept.AuthorizationFilter@c8e3515]
2026-05-09 12:54:38.664 INFO  o.a.coyote.http11.Http11NioProtocol - Starting ProtocolHandler ["http-nio-8080"]
2026-05-09 12:54:38.740 INFO  o.a.coyote.http11.Http11NioProtocol - Initializing ProtocolHandler ["http-nio-8081"]
2026-05-09 12:54:38.741 INFO  o.a.catalina.core.StandardService - Starting service [Tomcat]
2026-05-09 12:54:38.741 INFO  o.a.catalina.core.StandardEngine - Starting Servlet engine: [Apache Tomcat/10.1.16]
2026-05-09 12:54:38.758 INFO  o.a.c.c.C.[Tomcat-1].[localhost].[/] - Initializing Spring embedded WebApplicationContext
2026-05-09 12:54:38.798 INFO  o.a.coyote.http11.Http11NioProtocol - Starting ProtocolHandler ["http-nio-8081"]
2026-05-09 12:54:38.808 INFO  grpc.demo.DiplomApplication - Started DiplomApplication in 6.825 seconds (process running for 7.443)
2026-05-09 12:54:39.744 INFO  o.a.c.c.C.[Tomcat-1].[localhost].[/] - Initializing Spring DispatcherServlet 'dispatcherServletRegistration'
2026-05-09 12:54:39.759 WARN  o.s.w.s.h.HandlerMappingIntrospector - Cache miss for REQUEST dispatch to '/actuator/prometheus' (previous null). Performing CorsConfiguration lookup. This is logged once only at WARN level, and every time at TRACE.
2026-05-09 12:54:48.079 INFO  o.a.c.c.C.[Tomcat].[localhost].[/] - Initializing Spring DispatcherServlet 'dispatcherServlet'
2026-05-09 12:55:04.506 INFO  grpc.demo.service.UserService - Начало регистрации пользователя: **@gmail.com
2026-05-09 12:55:04.659 INFO  grpc.demo.service.UserService - Пользователь успешно зарегистрирован: userId=6, publicId=ebabcbb8
2026-05-09 12:55:07.008 INFO  grpc.demo.service.UserService - Попытка аутентификации пользователя: **@gmail.com
2026-05-09 12:55:07.105 INFO  grpc.demo.service.UserService - Пользователь успешно аутентифицирован: userId=6
2026-05-09 12:57:11.539 WARN  o.s.b.f.s.DisposableBeanAdapter - Invocation of destroy method failed on bean with name 'inMemoryDatabaseShutdownExecutor': org.h2.jdbc.JdbcSQLNonTransientConnectionException: База данных уже закрыта (чтобы отключить автоматическое закрытие базы данных при останове JVM, добавьте ";DB_CLOSE_ON_EXIT=FALSE" в URL)
Database is already closed (to disable automatic closing at VM shutdown, add ";DB_CLOSE_ON_EXIT=FALSE" to the db URL) [90121-224]
2026-05-09 12:57:11.539 INFO  com.zaxxer.hikari.HikariDataSource - HikariPool-1 - Shutdown initiated...
2026-05-09 12:57:11.547 INFO  com.zaxxer.hikari.HikariDataSource - HikariPool-1 - Shutdown completed.
2026-05-09 12:57:16.869 INFO  grpc.demo.DiplomApplication - Starting DiplomApplication using Java 21.0.8 with PID 4724 (D:\5 КУРС\diplomm\target\classes started by k2528 in D:\5 КУРС\diplomm)
2026-05-09 12:57:16.874 INFO  grpc.demo.DiplomApplication - No active profile set, falling back to 1 default profile: "default"
2026-05-09 12:57:18.592 INFO  o.a.coyote.http11.Http11NioProtocol - Initializing ProtocolHandler ["http-nio-8080"]
2026-05-09 12:57:18.594 INFO  o.a.catalina.core.StandardService - Starting service [Tomcat]
2026-05-09 12:57:18.594 INFO  o.a.catalina.core.StandardEngine - Starting Servlet engine: [Apache Tomcat/10.1.16]
2026-05-09 12:57:18.639 INFO  o.a.c.c.C.[Tomcat].[localhost].[/] - Initializing Spring embedded WebApplicationContext
2026-05-09 12:57:19.282 INFO  com.zaxxer.hikari.HikariDataSource - HikariPool-1 - Starting...
2026-05-09 12:57:19.440 INFO  com.zaxxer.hikari.pool.HikariPool - HikariPool-1 - Added connection conn0: url=jdbc:h2:mem:wishlistdb user=SA
2026-05-09 12:57:19.442 INFO  com.zaxxer.hikari.HikariDataSource - HikariPool-1 - Start completed.
2026-05-09 12:57:19.464 WARN  org.hibernate.orm.deprecation - HHH90000025: H2Dialect does not need to be specified explicitly using 'hibernate.dialect' (remove the property setting and it will be selected by default)
2026-05-09 12:57:21.353 WARN  o.s.b.a.s.s.UserDetailsServiceAutoConfiguration - 

Using generated security password: 06ff7e4d-3d7c-4a1c-a2a9-2adaefe8f289

This generated password is for development use only. Your security configuration must be updated before running your application in production.

2026-05-09 12:57:21.924 INFO  o.s.s.web.DefaultSecurityFilterChain - Will secure any request with [org.springframework.security.web.session.DisableEncodeUrlFilter@4424819c, org.springframework.security.web.context.request.async.WebAsyncManagerIntegrationFilter@4adf179a, org.springframework.security.web.context.SecurityContextHolderFilter@f3eeac1, org.springframework.security.web.header.HeaderWriterFilter@33c2052b, org.springframework.web.filter.CorsFilter@14054a33, org.springframework.security.web.authentication.logout.LogoutFilter@6c3e037, org.springframework.security.web.savedrequest.RequestCacheAwareFilter@986b18e, org.springframework.security.web.servletapi.SecurityContextHolderAwareRequestFilter@43654780, org.springframework.security.web.authentication.AnonymousAuthenticationFilter@3aa5d696, org.springframework.security.web.access.ExceptionTranslationFilter@1a9f918e, org.springframework.security.web.access.intercept.AuthorizationFilter@4205f531]
2026-05-09 12:57:22.549 INFO  o.a.coyote.http11.Http11NioProtocol - Starting ProtocolHandler ["http-nio-8080"]
2026-05-09 12:57:22.621 INFO  o.a.coyote.http11.Http11NioProtocol - Initializing ProtocolHandler ["http-nio-8081"]
2026-05-09 12:57:22.622 INFO  o.a.catalina.core.StandardService - Starting service [Tomcat]
2026-05-09 12:57:22.622 INFO  o.a.catalina.core.StandardEngine - Starting Servlet engine: [Apache Tomcat/10.1.16]
2026-05-09 12:57:22.642 INFO  o.a.c.c.C.[Tomcat-1].[localhost].[/] - Initializing Spring embedded WebApplicationContext
2026-05-09 12:57:22.688 INFO  o.a.coyote.http11.Http11NioProtocol - Starting ProtocolHandler ["http-nio-8081"]
2026-05-09 12:57:22.699 INFO  grpc.demo.DiplomApplication - Started DiplomApplication in 6.381 seconds (process running for 10.194)
2026-05-09 12:57:24.743 INFO  o.a.c.c.C.[Tomcat-1].[localhost].[/] - Initializing Spring DispatcherServlet 'dispatcherServletRegistration'
2026-05-09 12:57:24.758 WARN  o.s.w.s.h.HandlerMappingIntrospector - Cache miss for REQUEST dispatch to '/actuator/prometheus' (previous null). Performing CorsConfiguration lookup. This is logged once only at WARN level, and every time at TRACE.
2026-05-09 12:58:14.771 WARN  o.s.b.f.s.DisposableBeanAdapter - Invocation of destroy method failed on bean with name 'inMemoryDatabaseShutdownExecutor': org.h2.jdbc.JdbcSQLNonTransientConnectionException: База данных уже закрыта (чтобы отключить автоматическое закрытие базы данных при останове JVM, добавьте ";DB_CLOSE_ON_EXIT=FALSE" в URL)
Database is already closed (to disable automatic closing at VM shutdown, add ";DB_CLOSE_ON_EXIT=FALSE" to the db URL) [90121-224]
2026-05-09 12:58:14.771 INFO  com.zaxxer.hikari.HikariDataSource - HikariPool-1 - Shutdown initiated...
2026-05-09 12:58:14.773 INFO  com.zaxxer.hikari.HikariDataSource - HikariPool-1 - Shutdown completed.
2026-05-09 13:02:06.832 INFO  grpc.demo.DiplomApplication - Starting DiplomApplication using Java 20.0.1 with PID 16352 (D:\5 КУРС\diplomm\target\classes started by k2528 in D:\5 КУРС\diplomm)
2026-05-09 13:02:06.836 INFO  grpc.demo.DiplomApplication - No active profile set, falling back to 1 default profile: "default"
2026-05-09 13:02:08.505 INFO  o.a.coyote.http11.Http11NioProtocol - Initializing ProtocolHandler ["http-nio-8080"]
2026-05-09 13:02:08.507 INFO  o.a.catalina.core.StandardService - Starting service [Tomcat]
2026-05-09 13:02:08.507 INFO  o.a.catalina.core.StandardEngine - Starting Servlet engine: [Apache Tomcat/10.1.16]
2026-05-09 13:02:08.548 INFO  o.a.c.c.C.[Tomcat].[localhost].[/] - Initializing Spring embedded WebApplicationContext
2026-05-09 13:02:09.186 INFO  com.zaxxer.hikari.HikariDataSource - HikariPool-1 - Starting...
2026-05-09 13:02:09.343 INFO  com.zaxxer.hikari.pool.HikariPool - HikariPool-1 - Added connection conn0: url=jdbc:h2:mem:wishlistdb user=SA
2026-05-09 13:02:09.345 INFO  com.zaxxer.hikari.HikariDataSource - HikariPool-1 - Start completed.
2026-05-09 13:02:09.367 WARN  org.hibernate.orm.deprecation - HHH90000025: H2Dialect does not need to be specified explicitly using 'hibernate.dialect' (remove the property setting and it will be selected by default)
2026-05-09 13:02:11.260 WARN  o.s.b.a.s.s.UserDetailsServiceAutoConfiguration - 

Using generated security password: e6743a40-bde3-4650-82ec-40ba6d649480

This generated password is for development use only. Your security configuration must be updated before running your application in production.

2026-05-09 13:02:11.806 INFO  o.s.s.web.DefaultSecurityFilterChain - Will secure any request with [org.springframework.security.web.session.DisableEncodeUrlFilter@32cd6aa, org.springframework.security.web.context.request.async.WebAsyncManagerIntegrationFilter@158645ce, org.springframework.security.web.context.SecurityContextHolderFilter@647146fd, org.springframework.security.web.header.HeaderWriterFilter@5b186ee, org.springframework.web.filter.CorsFilter@53152697, org.springframework.security.web.authentication.logout.LogoutFilter@4620f664, org.springframework.security.web.savedrequest.RequestCacheAwareFilter@2b74ca52, org.springframework.security.web.servletapi.SecurityContextHolderAwareRequestFilter@54d41b9c, org.springframework.security.web.authentication.AnonymousAuthenticationFilter@50d37074, org.springframework.security.web.access.ExceptionTranslationFilter@5d146761, org.springframework.security.web.access.intercept.AuthorizationFilter@1ac9fc13]
2026-05-09 13:02:12.428 INFO  o.a.coyote.http11.Http11NioProtocol - Starting ProtocolHandler ["http-nio-8080"]
2026-05-09 13:02:12.509 INFO  o.a.coyote.http11.Http11NioProtocol - Initializing ProtocolHandler ["http-nio-8081"]
2026-05-09 13:02:12.509 INFO  o.a.catalina.core.StandardService - Starting service [Tomcat]
2026-05-09 13:02:12.509 INFO  o.a.catalina.core.StandardEngine - Starting Servlet engine: [Apache Tomcat/10.1.16]
2026-05-09 13:02:12.526 INFO  o.a.c.c.C.[Tomcat-1].[localhost].[/] - Initializing Spring embedded WebApplicationContext
2026-05-09 13:02:12.571 INFO  o.a.coyote.http11.Http11NioProtocol - Starting ProtocolHandler ["http-nio-8081"]
2026-05-09 13:02:12.583 INFO  grpc.demo.DiplomApplication - Started DiplomApplication in 6.6 seconds (process running for 6.994)
2026-05-09 13:02:24.720 INFO  o.a.c.c.C.[Tomcat-1].[localhost].[/] - Initializing Spring DispatcherServlet 'dispatcherServletRegistration'
2026-05-09 13:02:24.736 WARN  o.s.w.s.h.HandlerMappingIntrospector - Cache miss for REQUEST dispatch to '/actuator/prometheus' (previous null). Performing CorsConfiguration lookup. This is logged once only at WARN level, and every time at TRACE.
2026-05-09 13:03:44.152 INFO  grpc.demo.DiplomApplication - Starting DiplomApplication using Java 21.0.8 with PID 14228 (D:\5 КУРС\diplomm\target\classes started by k2528 in D:\5 КУРС\diplomm)
2026-05-09 13:03:44.156 INFO  grpc.demo.DiplomApplication - No active profile set, falling back to 1 default profile: "default"
2026-05-09 13:03:46.226 INFO  o.a.coyote.http11.Http11NioProtocol - Initializing ProtocolHandler ["http-nio-8080"]
2026-05-09 13:03:46.228 INFO  o.a.catalina.core.StandardService - Starting service [Tomcat]
2026-05-09 13:03:46.228 INFO  o.a.catalina.core.StandardEngine - Starting Servlet engine: [Apache Tomcat/10.1.16]
2026-05-09 13:03:46.290 INFO  o.a.c.c.C.[Tomcat].[localhost].[/] - Initializing Spring embedded WebApplicationContext
2026-05-09 13:03:46.925 INFO  com.zaxxer.hikari.HikariDataSource - HikariPool-1 - Starting...
2026-05-09 13:03:47.087 INFO  com.zaxxer.hikari.pool.HikariPool - HikariPool-1 - Added connection conn0: url=jdbc:h2:mem:wishlistdb user=SA
2026-05-09 13:03:47.088 INFO  com.zaxxer.hikari.HikariDataSource - HikariPool-1 - Start completed.
2026-05-09 13:03:47.110 WARN  org.hibernate.orm.deprecation - HHH90000025: H2Dialect does not need to be specified explicitly using 'hibernate.dialect' (remove the property setting and it will be selected by default)
2026-05-09 13:03:49.091 WARN  o.s.b.a.s.s.UserDetailsServiceAutoConfiguration - 

Using generated security password: 604d31f3-25c3-46fd-bf9f-8ce7d2967f2a

This generated password is for development use only. Your security configuration must be updated before running your application in production.

2026-05-09 13:03:49.684 INFO  o.s.s.web.DefaultSecurityFilterChain - Will secure any request with [org.springframework.security.web.session.DisableEncodeUrlFilter@2aef8876, org.springframework.security.web.context.request.async.WebAsyncManagerIntegrationFilter@5c2bd0b4, org.springframework.security.web.context.SecurityContextHolderFilter@599312bd, org.springframework.security.web.header.HeaderWriterFilter@5f37eb2, org.springframework.web.filter.CorsFilter@60ff8ec8, org.springframework.security.web.authentication.logout.LogoutFilter@29ba2a50, org.springframework.security.web.savedrequest.RequestCacheAwareFilter@1ace6dd0, org.springframework.security.web.servletapi.SecurityContextHolderAwareRequestFilter@5d76959b, org.springframework.security.web.authentication.AnonymousAuthenticationFilter@58a561e7, org.springframework.security.web.access.ExceptionTranslationFilter@26e791c6, org.springframework.security.web.access.intercept.AuthorizationFilter@7abc2336]
2026-05-09 13:03:50.288 WARN  o.s.b.d.a.OptionalLiveReloadServer - Unable to start LiveReload server
2026-05-09 13:03:50.340 INFO  o.a.coyote.http11.Http11NioProtocol - Starting ProtocolHandler ["http-nio-8080"]
2026-05-09 13:03:50.343 WARN  o.s.b.w.s.c.AnnotationConfigServletWebServerApplicationContext - Exception encountered during context initialization - cancelling refresh attempt: org.springframework.context.ApplicationContextException: Failed to start bean 'webServerStartStop'
2026-05-09 13:03:50.352 WARN  o.s.b.f.s.DisposableBeanAdapter - Invocation of destroy method failed on bean with name 'inMemoryDatabaseShutdownExecutor': org.h2.jdbc.JdbcSQLNonTransientConnectionException: База данных уже закрыта (чтобы отключить автоматическое закрытие базы данных при останове JVM, добавьте ";DB_CLOSE_ON_EXIT=FALSE" в URL)
Database is already closed (to disable automatic closing at VM shutdown, add ";DB_CLOSE_ON_EXIT=FALSE" to the db URL) [90121-224]
2026-05-09 13:03:50.352 INFO  com.zaxxer.hikari.HikariDataSource - HikariPool-1 - Shutdown initiated...
2026-05-09 13:03:50.354 INFO  com.zaxxer.hikari.HikariDataSource - HikariPool-1 - Shutdown completed.
2026-05-09 13:03:50.383 ERROR o.s.b.d.LoggingFailureAnalysisReporter - 

***************************
APPLICATION FAILED TO START
***************************

Description:

Web server failed to start. Port 8080 was already in use.

Action:

Identify and stop the process that's listening on port 8080 or configure this application to listen on another port.

2026-05-09 13:04:03.760 INFO  grpc.demo.DiplomApplication - Starting DiplomApplication using Java 21.0.8 with PID 21148 (D:\5 КУРС\diplomm\target\classes started by k2528 in D:\5 КУРС\diplomm)
2026-05-09 13:04:03.767 INFO  grpc.demo.DiplomApplication - No active profile set, falling back to 1 default profile: "default"
2026-05-09 13:04:05.552 INFO  o.a.coyote.http11.Http11NioProtocol - Initializing ProtocolHandler ["http-nio-8080"]
2026-05-09 13:04:05.553 INFO  o.a.catalina.core.StandardService - Starting service [Tomcat]
2026-05-09 13:04:05.554 INFO  o.a.catalina.core.StandardEngine - Starting Servlet engine: [Apache Tomcat/10.1.16]
2026-05-09 13:04:05.601 INFO  o.a.c.c.C.[Tomcat].[localhost].[/] - Initializing Spring embedded WebApplicationContext
2026-05-09 13:04:06.163 INFO  com.zaxxer.hikari.HikariDataSource - HikariPool-1 - Starting...
2026-05-09 13:04:06.310 INFO  com.zaxxer.hikari.pool.HikariPool - HikariPool-1 - Added connection conn0: url=jdbc:h2:mem:wishlistdb user=SA
2026-05-09 13:04:06.310 INFO  com.zaxxer.hikari.HikariDataSource - HikariPool-1 - Start completed.
2026-05-09 13:04:06.333 WARN  org.hibernate.orm.deprecation - HHH90000025: H2Dialect does not need to be specified explicitly using 'hibernate.dialect' (remove the property setting and it will be selected by default)
2026-05-09 13:04:08.227 WARN  o.s.b.a.s.s.UserDetailsServiceAutoConfiguration - 

Using generated security password: 3c198eba-faab-4c27-beeb-e4e71b174f0a

This generated password is for development use only. Your security configuration must be updated before running your application in production.

2026-05-09 13:04:08.844 INFO  o.s.s.web.DefaultSecurityFilterChain - Will secure any request with [org.springframework.security.web.session.DisableEncodeUrlFilter@41ef0015, org.springframework.security.web.context.request.async.WebAsyncManagerIntegrationFilter@2f1e8088, org.springframework.security.web.context.SecurityContextHolderFilter@2010ff58, org.springframework.security.web.header.HeaderWriterFilter@8d1e718, org.springframework.web.filter.CorsFilter@4a49b2fe, org.springframework.security.web.authentication.logout.LogoutFilter@2887a004, org.springframework.security.web.savedrequest.RequestCacheAwareFilter@5a14f411, org.springframework.security.web.servletapi.SecurityContextHolderAwareRequestFilter@1ace6dd0, org.springframework.security.web.authentication.AnonymousAuthenticationFilter@436a7ce6, org.springframework.security.web.access.ExceptionTranslationFilter@2c89fe, org.springframework.security.web.access.intercept.AuthorizationFilter@68a15ab4]
2026-05-09 13:04:09.487 WARN  o.s.b.d.a.OptionalLiveReloadServer - Unable to start LiveReload server
2026-05-09 13:04:09.537 INFO  o.a.coyote.http11.Http11NioProtocol - Starting ProtocolHandler ["http-nio-8080"]
2026-05-09 13:04:09.542 WARN  o.s.b.w.s.c.AnnotationConfigServletWebServerApplicationContext - Exception encountered during context initialization - cancelling refresh attempt: org.springframework.context.ApplicationContextException: Failed to start bean 'webServerStartStop'
2026-05-09 13:04:09.552 WARN  o.s.b.f.s.DisposableBeanAdapter - Invocation of destroy method failed on bean with name 'inMemoryDatabaseShutdownExecutor': org.h2.jdbc.JdbcSQLNonTransientConnectionException: База данных уже закрыта (чтобы отключить автоматическое закрытие базы данных при останове JVM, добавьте ";DB_CLOSE_ON_EXIT=FALSE" в URL)
Database is already closed (to disable automatic closing at VM shutdown, add ";DB_CLOSE_ON_EXIT=FALSE" to the db URL) [90121-224]
2026-05-09 13:04:09.552 INFO  com.zaxxer.hikari.HikariDataSource - HikariPool-1 - Shutdown initiated...
2026-05-09 13:04:09.553 INFO  com.zaxxer.hikari.HikariDataSource - HikariPool-1 - Shutdown completed.
2026-05-09 13:04:09.596 ERROR o.s.b.d.LoggingFailureAnalysisReporter - 

***************************
APPLICATION FAILED TO START
***************************

Description:

Web server failed to start. Port 8080 was already in use.

Action:

Identify and stop the process that's listening on port 8080 or configure this application to listen on another port.

2026-05-09 13:04:50.721 INFO  grpc.demo.DiplomApplication - Starting DiplomApplication using Java 21.0.8 with PID 19616 (D:\5 КУРС\diplomm\target\classes started by k2528 in D:\5 КУРС\diplomm)
2026-05-09 13:04:50.726 INFO  grpc.demo.DiplomApplication - No active profile set, falling back to 1 default profile: "default"
2026-05-09 13:04:52.262 INFO  o.a.coyote.http11.Http11NioProtocol - Initializing ProtocolHandler ["http-nio-8080"]
2026-05-09 13:04:52.264 INFO  o.a.catalina.core.StandardService - Starting service [Tomcat]
2026-05-09 13:04:52.265 INFO  o.a.catalina.core.StandardEngine - Starting Servlet engine: [Apache Tomcat/10.1.16]
2026-05-09 13:04:52.306 INFO  o.a.c.c.C.[Tomcat].[localhost].[/] - Initializing Spring embedded WebApplicationContext
2026-05-09 13:04:52.862 INFO  com.zaxxer.hikari.HikariDataSource - HikariPool-1 - Starting...
2026-05-09 13:04:52.997 INFO  com.zaxxer.hikari.pool.HikariPool - HikariPool-1 - Added connection conn0: url=jdbc:h2:mem:wishlistdb user=SA
2026-05-09 13:04:52.999 INFO  com.zaxxer.hikari.HikariDataSource - HikariPool-1 - Start completed.
2026-05-09 13:04:53.018 WARN  org.hibernate.orm.deprecation - HHH90000025: H2Dialect does not need to be specified explicitly using 'hibernate.dialect' (remove the property setting and it will be selected by default)
2026-05-09 13:04:54.872 WARN  o.s.b.a.s.s.UserDetailsServiceAutoConfiguration - 

Using generated security password: 80719559-87e5-4acf-ac54-b6401bf7d6eb

This generated password is for development use only. Your security configuration must be updated before running your application in production.

2026-05-09 13:04:55.537 INFO  o.s.s.web.DefaultSecurityFilterChain - Will secure any request with [org.springframework.security.web.session.DisableEncodeUrlFilter@359a0510, org.springframework.security.web.context.request.async.WebAsyncManagerIntegrationFilter@35c79dac, org.springframework.security.web.context.SecurityContextHolderFilter@1c601b87, org.springframework.security.web.header.HeaderWriterFilter@79ce897c, org.springframework.web.filter.CorsFilter@41ef0015, org.springframework.security.web.authentication.logout.LogoutFilter@7095597c, org.springframework.security.web.savedrequest.RequestCacheAwareFilter@41765059, org.springframework.security.web.servletapi.SecurityContextHolderAwareRequestFilter@137a58ad, org.springframework.security.web.authentication.AnonymousAuthenticationFilter@2f1e8088, org.springframework.security.web.access.ExceptionTranslationFilter@53028f34, org.springframework.security.web.access.intercept.AuthorizationFilter@4d5d58e8]
2026-05-09 13:04:56.180 INFO  o.a.coyote.http11.Http11NioProtocol - Starting ProtocolHandler ["http-nio-8080"]
2026-05-09 13:04:56.248 INFO  o.a.coyote.http11.Http11NioProtocol - Initializing ProtocolHandler ["http-nio-8081"]
2026-05-09 13:04:56.249 INFO  o.a.catalina.core.StandardService - Starting service [Tomcat]
2026-05-09 13:04:56.249 INFO  o.a.catalina.core.StandardEngine - Starting Servlet engine: [Apache Tomcat/10.1.16]
2026-05-09 13:04:56.268 INFO  o.a.c.c.C.[Tomcat-1].[localhost].[/] - Initializing Spring embedded WebApplicationContext
2026-05-09 13:04:56.306 INFO  o.a.coyote.http11.Http11NioProtocol - Starting ProtocolHandler ["http-nio-8081"]
2026-05-09 13:04:56.320 INFO  grpc.demo.DiplomApplication - Started DiplomApplication in 6.207 seconds (process running for 6.805)
2026-05-09 13:04:57.888 WARN  o.s.b.f.s.DisposableBeanAdapter - Invocation of destroy method failed on bean with name 'inMemoryDatabaseShutdownExecutor': org.h2.jdbc.JdbcSQLNonTransientConnectionException: База данных уже закрыта (чтобы отключить автоматическое закрытие базы данных при останове JVM, добавьте ";DB_CLOSE_ON_EXIT=FALSE" в URL)
Database is already closed (to disable automatic closing at VM shutdown, add ";DB_CLOSE_ON_EXIT=FALSE" to the db URL) [90121-224]
2026-05-09 13:04:57.889 INFO  com.zaxxer.hikari.HikariDataSource - HikariPool-1 - Shutdown initiated...
2026-05-09 13:04:57.891 INFO  com.zaxxer.hikari.HikariDataSource - HikariPool-1 - Shutdown completed.
2026-05-09 13:06:25.645 INFO  grpc.demo.DiplomApplication - Starting DiplomApplication using Java 21.0.8 with PID 25120 (D:\5 КУРС\diplomm\target\classes started by k2528 in D:\5 КУРС\diplomm)
2026-05-09 13:06:25.649 INFO  grpc.demo.DiplomApplication - No active profile set, falling back to 1 default profile: "default"
2026-05-09 13:06:27.207 INFO  o.a.coyote.http11.Http11NioProtocol - Initializing ProtocolHandler ["http-nio-8080"]
2026-05-09 13:06:27.208 INFO  o.a.catalina.core.StandardService - Starting service [Tomcat]
2026-05-09 13:06:27.208 INFO  o.a.catalina.core.StandardEngine - Starting Servlet engine: [Apache Tomcat/10.1.16]
2026-05-09 13:06:27.258 INFO  o.a.c.c.C.[Tomcat].[localhost].[/] - Initializing Spring embedded WebApplicationContext
2026-05-09 13:06:27.921 INFO  com.zaxxer.hikari.HikariDataSource - HikariPool-1 - Starting...
2026-05-09 13:06:28.086 INFO  com.zaxxer.hikari.pool.HikariPool - HikariPool-1 - Added connection conn0: url=jdbc:h2:mem:wishlistdb user=SA
2026-05-09 13:06:28.087 INFO  com.zaxxer.hikari.HikariDataSource - HikariPool-1 - Start completed.
2026-05-09 13:06:28.108 WARN  org.hibernate.orm.deprecation - HHH90000025: H2Dialect does not need to be specified explicitly using 'hibernate.dialect' (remove the property setting and it will be selected by default)
2026-05-09 13:06:30.067 WARN  o.s.b.a.s.s.UserDetailsServiceAutoConfiguration - 

Using generated security password: 290ad31e-a806-4809-bd3e-93f01c29787b

This generated password is for development use only. Your security configuration must be updated before running your application in production.

2026-05-09 13:06:30.658 INFO  o.s.s.web.DefaultSecurityFilterChain - Will secure any request with [org.springframework.security.web.session.DisableEncodeUrlFilter@513c4ac7, org.springframework.security.web.context.request.async.WebAsyncManagerIntegrationFilter@6acffcb5, org.springframework.security.web.context.SecurityContextHolderFilter@a4cc669, org.springframework.security.web.header.HeaderWriterFilter@5a14f411, org.springframework.web.filter.CorsFilter@6bb8e6f5, org.springframework.security.web.authentication.logout.LogoutFilter@5a440e3, org.springframework.security.web.savedrequest.RequestCacheAwareFilter@53da9d6, org.springframework.security.web.servletapi.SecurityContextHolderAwareRequestFilter@62817172, org.springframework.security.web.authentication.AnonymousAuthenticationFilter@510d9cd8, org.springframework.security.web.access.ExceptionTranslationFilter@6d41bc54, org.springframework.security.web.access.intercept.AuthorizationFilter@10e6772a]
2026-05-09 13:06:31.325 INFO  o.a.coyote.http11.Http11NioProtocol - Starting ProtocolHandler ["http-nio-8080"]
2026-05-09 13:06:31.399 INFO  o.a.coyote.http11.Http11NioProtocol - Initializing ProtocolHandler ["http-nio-8081"]
2026-05-09 13:06:31.400 INFO  o.a.catalina.core.StandardService - Starting service [Tomcat]
2026-05-09 13:06:31.400 INFO  o.a.catalina.core.StandardEngine - Starting Servlet engine: [Apache Tomcat/10.1.16]
2026-05-09 13:06:31.421 INFO  o.a.c.c.C.[Tomcat-1].[localhost].[/] - Initializing Spring embedded WebApplicationContext
2026-05-09 13:06:31.457 INFO  o.a.coyote.http11.Http11NioProtocol - Starting ProtocolHandler ["http-nio-8081"]
2026-05-09 13:06:31.468 INFO  grpc.demo.DiplomApplication - Started DiplomApplication in 6.392 seconds (process running for 7.023)
2026-05-09 13:06:40.421 INFO  o.a.c.c.C.[Tomcat-1].[localhost].[/] - Initializing Spring DispatcherServlet 'dispatcherServletRegistration'
2026-05-09 13:06:40.439 WARN  o.s.w.s.h.HandlerMappingIntrospector - Cache miss for REQUEST dispatch to '/actuator/prometheus' (previous null). Performing CorsConfiguration lookup. This is logged once only at WARN level, and every time at TRACE.
2026-05-09 13:06:42.895 INFO  o.a.c.c.C.[Tomcat].[localhost].[/] - Initializing Spring DispatcherServlet 'dispatcherServlet'
2026-05-09 13:10:34.833 INFO  grpc.demo.service.UserService - Начало регистрации пользователя: **@gmail.com
2026-05-09 13:10:35.019 INFO  grpc.demo.service.UserService - Пользователь успешно зарегистрирован: userId=6, publicId=5daa64f2
2026-05-09 13:10:37.330 INFO  grpc.demo.service.UserService - Попытка аутентификации пользователя: **@gmail.com
2026-05-09 13:10:37.440 INFO  grpc.demo.service.UserService - Пользователь успешно аутентифицирован: userId=6
2026-05-09 13:41:44.331 INFO  grpc.demo.service.UserService - Начало регистрации пользователя: kk***@gmail.com
2026-05-09 13:41:44.412 INFO  grpc.demo.service.UserService - Пользователь успешно зарегистрирован: userId=7, publicId=0614533e
2026-05-09 13:41:47.395 INFO  grpc.demo.service.UserService - Попытка аутентификации пользователя: kk***@gmail.com
2026-05-09 13:41:47.471 INFO  grpc.demo.service.UserService - Пользователь успешно аутентифицирован: userId=7
2026-05-09 13:56:23.241 WARN  o.s.b.f.s.DisposableBeanAdapter - Invocation of destroy method failed on bean with name 'inMemoryDatabaseShutdownExecutor': org.h2.jdbc.JdbcSQLNonTransientConnectionException: База данных уже закрыта (чтобы отключить автоматическое закрытие базы данных при останове JVM, добавьте ";DB_CLOSE_ON_EXIT=FALSE" в URL)
Database is already closed (to disable automatic closing at VM shutdown, add ";DB_CLOSE_ON_EXIT=FALSE" to the db URL) [90121-224]
2026-05-09 13:56:23.242 INFO  com.zaxxer.hikari.HikariDataSource - HikariPool-1 - Shutdown initiated...
2026-05-09 13:56:23.244 INFO  com.zaxxer.hikari.HikariDataSource - HikariPool-1 - Shutdown completed.
2026-05-09 15:24:41.569 INFO  grpc.demo.DiplomApplication - Starting DiplomApplication using Java 21.0.8 with PID 17116 (D:\5 КУРС\diplomm\target\classes started by k2528 in D:\5 КУРС\diplomm)
2026-05-09 15:24:41.573 INFO  grpc.demo.DiplomApplication - No active profile set, falling back to 1 default profile: "default"
2026-05-09 15:24:43.313 INFO  o.a.coyote.http11.Http11NioProtocol - Initializing ProtocolHandler ["http-nio-8080"]
2026-05-09 15:24:43.314 INFO  o.a.catalina.core.StandardService - Starting service [Tomcat]
2026-05-09 15:24:43.315 INFO  o.a.catalina.core.StandardEngine - Starting Servlet engine: [Apache Tomcat/10.1.16]
2026-05-09 15:24:43.349 INFO  o.a.c.c.C.[Tomcat].[localhost].[/] - Initializing Spring embedded WebApplicationContext
2026-05-09 15:24:43.887 INFO  com.zaxxer.hikari.HikariDataSource - HikariPool-1 - Starting...
2026-05-09 15:24:44.023 INFO  com.zaxxer.hikari.pool.HikariPool - HikariPool-1 - Added connection conn0: url=jdbc:h2:mem:wishlistdb user=SA
2026-05-09 15:24:44.024 INFO  com.zaxxer.hikari.HikariDataSource - HikariPool-1 - Start completed.
2026-05-09 15:24:44.049 WARN  org.hibernate.orm.deprecation - HHH90000025: H2Dialect does not need to be specified explicitly using 'hibernate.dialect' (remove the property setting and it will be selected by default)
2026-05-09 15:24:45.822 WARN  o.s.b.a.s.s.UserDetailsServiceAutoConfiguration - 

Using generated security password: 8ec12a85-4ddb-4267-9ac9-293a71dca974

This generated password is for development use only. Your security configuration must be updated before running your application in production.

2026-05-09 15:24:46.344 INFO  o.s.s.web.DefaultSecurityFilterChain - Will secure any request with [org.springframework.security.web.session.DisableEncodeUrlFilter@28acd348, org.springframework.security.web.context.request.async.WebAsyncManagerIntegrationFilter@1d43a3cc, org.springframework.security.web.context.SecurityContextHolderFilter@4f599bc5, org.springframework.security.web.header.HeaderWriterFilter@3de25fc, org.springframework.web.filter.CorsFilter@63e2f7c6, org.springframework.security.web.authentication.logout.LogoutFilter@3b7ec2f6, org.springframework.security.web.savedrequest.RequestCacheAwareFilter@2f8f057, org.springframework.security.web.servletapi.SecurityContextHolderAwareRequestFilter@41765059, org.springframework.security.web.authentication.AnonymousAuthenticationFilter@7be2afb7, org.springframework.security.web.access.ExceptionTranslationFilter@2bbaea51, org.springframework.security.web.access.intercept.AuthorizationFilter@7c25986e]
2026-05-09 15:24:46.964 INFO  o.a.coyote.http11.Http11NioProtocol - Starting ProtocolHandler ["http-nio-8080"]
2026-05-09 15:24:47.038 INFO  o.a.coyote.http11.Http11NioProtocol - Initializing ProtocolHandler ["http-nio-8081"]
2026-05-09 15:24:47.038 INFO  o.a.catalina.core.StandardService - Starting service [Tomcat]
2026-05-09 15:24:47.038 INFO  o.a.catalina.core.StandardEngine - Starting Servlet engine: [Apache Tomcat/10.1.16]
2026-05-09 15:24:47.054 INFO  o.a.c.c.C.[Tomcat-1].[localhost].[/] - Initializing Spring embedded WebApplicationContext
2026-05-09 15:24:47.086 INFO  o.a.coyote.http11.Http11NioProtocol - Starting ProtocolHandler ["http-nio-8081"]
2026-05-09 15:24:47.096 INFO  grpc.demo.DiplomApplication - Started DiplomApplication in 6.048 seconds (process running for 6.632)
2026-05-09 15:24:54.115 INFO  o.a.c.c.C.[Tomcat].[localhost].[/] - Initializing Spring DispatcherServlet 'dispatcherServlet'
2026-05-09 15:24:54.144 WARN  o.s.w.s.h.HandlerMappingIntrospector - Cache miss for REQUEST dispatch to '/' (previous null). Performing CorsConfiguration lookup. This is logged once only at WARN level, and every time at TRACE.
2026-05-09 15:24:55.239 INFO  o.a.c.c.C.[Tomcat-1].[localhost].[/] - Initializing Spring DispatcherServlet 'dispatcherServletRegistration'
2026-05-09 15:25:04.907 INFO  grpc.demo.service.UserService - Начало регистрации пользователя: **@gmail.com
2026-05-09 15:25:05.067 INFO  grpc.demo.service.UserService - Пользователь успешно зарегистрирован: userId=6, publicId=d8848b5e
2026-05-09 15:25:07.867 INFO  grpc.demo.service.UserService - Попытка аутентификации пользователя: **@gmail.com
2026-05-09 15:25:07.972 INFO  grpc.demo.service.UserService - Пользователь успешно аутентифицирован: userId=6
2026-05-09 15:25:25.336 WARN  o.s.b.f.s.DisposableBeanAdapter - Invocation of destroy method failed on bean with name 'inMemoryDatabaseShutdownExecutor': org.h2.jdbc.JdbcSQLNonTransientConnectionException: База данных уже закрыта (чтобы отключить автоматическое закрытие базы данных при останове JVM, добавьте ";DB_CLOSE_ON_EXIT=FALSE" в URL)
Database is already closed (to disable automatic closing at VM shutdown, add ";DB_CLOSE_ON_EXIT=FALSE" to the db URL) [90121-224]
2026-05-09 15:25:25.338 INFO  com.zaxxer.hikari.HikariDataSource - HikariPool-1 - Shutdown initiated...
2026-05-09 15:25:25.339 INFO  com.zaxxer.hikari.HikariDataSource - HikariPool-1 - Shutdown completed.
